
<!doctype html>
<html lang="fr">
<head>
    <!-- Bootstrap needs this as first elements
    –––––––––––––––––––––––––––––––––––––––––––––––––– -->
    <meta charset="utf-8">
    <meta http-equiv="X-UA-Compatible" content="IE=edge">
    <meta name="viewport" content="width=device-width, initial-scale=1">

    <!-- Basic Page Needs
    –––––––––––––––––––––––––––––––––––––––––––––––––– -->
    <title>Ludobox</title>
    <meta name="description" content="">
    <meta name="author" content="Clément Renaud, Pierre-Yves Martin">
    <meta name="copyright" content="DCALK">
    <meta name="generator" content="Jinja2">

    <!-- FONT
    –––––––––––––––––––––––––––––––––––––––––––––––––– -->
    <!-- Any change in the font used should be done in this file -->
    <link rel="stylesheet" href="/static/customisation/ludofonts.css">

    <!-- CSS
    –––––––––––––––––––––––––––––––––––––––––––––––––– -->
    <!-- DataTables Bootstrap theming css to enable bootstrap theming -->
    <link rel="stylesheet" type="text/css" href="/static/bower_components/datatables/media/css/dataTables.bootstrap.min.css">
    <!-- Bootstrap -->
    <link rel="stylesheet" type="text/css" href="/static/bower_components/bootstrap/dist/css/bootstrap.min.css">

    <!-- CUSTOM THEME CSS
    Any change in the style should be done in this file.
    The easier way is to get a theme css file from http://bootswatch.com/
    but always remove the first line (@import line) since it won't work offline!!! -->
    <link rel="stylesheet" type="text/css" href="/static/customisation/theme-darkly.css">

    <!-- CUSTOM CSS
    Almost nothing to change here it's just correction to default behaviours of
    the themes.
    -->
    <link rel="stylesheet" type="text/css" href="/static/customisation/ludostyle.css">

    <!-- CUSTOM Favicon
    –––––––––––––––––––––––––––––––––––––––––––––––––– -->
    <!-- To change the favicon change this file -->
    <link rel="icon" type="image/png" href="/static/customisation/images/favicon.png">

    <!-- All javascript files are loaded in the footer of the pages for performance reasons -->
</head>

<body>
<div class="container">

<!-- Navigation bar -->
    <nav class="navbar navbar-default navbar-fixed-top">
        <div class="container">
            <div class="navbar-header">
                <!-- This button only appear on small devices as a replacement for the menu -->
                <button
                    type="button"
                    class="navbar-toggle collapsed"
                    data-toggle="collapse"
                    data-target="#bs-example-navbar-collapse-1"
                    aria-expanded="false">
                    <span class="sr-only">Toggle navigation</span>
                    <span class="icon-bar"></span>
                    <span class="icon-bar"></span>
                    <span class="icon-bar"></span>
                </button>
                <!-- This brand text only appear on big devices -->
                <a class="navbar-brand" href="#">
                    <!-- CUSTOMIZE the name of the app here -->
                    <strong>LudoBox</strong>
                </a>
            </div>

            <div class="collapse navbar-collapse" id="bs-example-navbar-collapse-1">
                <ul class="nav navbar-nav">
                    <li>
                        <a href="/static/index.html">Jeux<span class="sr-only">(current)</span></a>
                    </li>

                    <!-- TODO make a better usage of this since it points to games display -->
                    <li>
                        <a href="/static/index.html">Publications</a>
                    </li>

                    <!-- TODO make a better usage of this since it points to games display -->
                    <li>
                        <a href="/static/index.html">Matériels</a>
                    </li>

                    <li>
                        <a href="/static/add/index.html">Ajouter du contenu</a>
                    </li>

                    <li>
                        <a href="/static/about.html">À propos</a>
                    </li>
                </ul>

                <!-- THINK TO CHANGE VERSION WHEN OUT OF THE ALPHA !! -->
                <p class="navbar-text navbar-right"><small>Lodobox V2.0alpha</small></p>
            </div>
        </div>
    </nav>
    <div class="page-header">
        <h1>Coucou, le jeu sympa</h1>
    </div>

    <dl class="dl-horizontal">
        <dt>Type</dt>
        <dd>
        
            <span class="label label-primary">Jeu</span>
        
        </dd>

        <dt>Genres</dt>
        <dd>
        
            <span class="label label-default">antisocial</span>&nbsp;
        
            <span class="label label-default">apero</span>&nbsp;
        
        </dd>

        <dt>Titre</dt>
        <dd>Coucou, le jeu sympa</dd>

        <dt>Description du jeu</dt>
        <dd>Ouais</dd>

        <dt>Thèmes</dt>
        <dd>
        
            <span class="label label-default">Médiéval</span>&nbsp;
        
            <span class="label label-default">Salopard</span>&nbsp;
        
        </dd>

        <dt>Éditeurs</dt>
        <dd>Les bisounours de l'Espace<br>Asmotruc</dd>

        <dt>Année de publication</dt>
        <dd></dd>

        <dt>Auteurs</dt>
        <dd>Claude</dd>

        <dt>Illustrateurs</dt>
        <dd>Jean-Claude</dd>

        <dt>Durée d'une partie</dt>
        <dd>60</dd>

        <dt>Nombre de joueurs</dt>
        <dd>de 4 à 4</dd>

        <dt>Public</dt>
        <dd>
        <!-- we always display the 3 audience and just change the display -->
        
            <span class="label label-success">
                <span class="glyphicon glyphicon-ok" aria-hidden="true"></span>
                Enfants
                <span class="sr-only">Oui</span>
            </span>
        
        &nbsp;
        
            <span class="label label-success">
                <span class="glyphicon glyphicon-ok" aria-hidden="true"></span>
                Adolescents
                <span class="sr-only">Oui</span>
            </span>
        
        &nbsp;
        
            <span class="label label-success">
                <span class="glyphicon glyphicon-ok" aria-hidden="true"></span>
                Adultes
                <span class="sr-only">Oui</span>
            </span>
        
        </dd>

        <dt>Temps de fabrication</dt>
        <dd>120</dd>

        <dt>Matériel nécessaire</dt>
        <dd>
        
            <span class="label label-default">imprimante</span>&nbsp;
        
        </dd>

        <dt>Licence</dt>
        <dd>CC 1.0</dd>

        <dt>Langues disponibles</dt>
        <dd>
        
            <span class="label label-default">fr</span>&nbsp;
        
        </dd>

        <dt>Site web d'origine</dt>
        <dd>
            <a href="http://levin.fr/coucou">http://levin.fr/coucou</a>
        </dd>

        <dt>ISBN</dt>
        <dd>
        
        </dd>

        <!-- TODO add the listing to the available data -->
        <dt>Fichiers du jeu</dt>
        <dd></dd>
    </dl>

    <a class="btn btn-primary" href="download">Télécharger</a>
</div> <!-- /container -->
<!-- End Document
  –––––––––––––––––––––––––––––––––––––––––––––––––– -->

<!-- JavaScript (in the footer for performance reasons)
–––––––––––––––––––––––––––––––––––––––––––––––––– -->
<!-- JQuery -->
<script type="text/javascript" src="/static/bower_components/jquery/dist/jquery.min.js"></script>
<!-- DataTables JQuery Plugin -->
<script type="text/javascript" src="/static/bower_components/datatables/media/js/jquery.dataTables.min.js"></script>
<!-- Datatables Bootstrap theming integration -->
<script type="text/javascript" src="/static/bower_components/datatables/media/js/dataTables.bootstrap.min.js"></script>
<!-- CUSTOM JAVASCRIPT
Any change in the javascript should be done in this file -->
<script type="text/javascript" src="/static/customisation/ludodynamic.js"></script>

</body>
</html>