<!doctype html>
<html lang="fr">
<head>
    <!-- Bootstrap needs this as first elements
    –––––––––––––––––––––––––––––––––––––––––––––––––– -->
    <meta charset="utf-8">
    <meta http-equiv="X-UA-Compatible" content="IE=edge">
    <meta name="viewport" content="width=device-width, initial-scale=1">

    <!-- Basic Page Needs
    –––––––––––––––––––––––––––––––––––––––––––––––––– -->
    <title>Ludobox</title>
    <meta name="description" content="">
    <meta name="author" content="Clément Renaud, Pierre-Yves Martin">
    <meta name="copyright" content="DCALK">
    <meta name="generator" content="Jinja2">

    <!-- FONT
    –––––––––––––––––––––––––––––––––––––––––––––––––– -->
    <!-- Any change in the font used should be done in this file -->
    <link rel="stylesheet" href="/static/customisation/ludofonts.css">

    <!-- CSS
    –––––––––––––––––––––––––––––––––––––––––––––––––– -->
    <!-- DataTables JQuery plugin -->
    <link rel="stylesheet" type="text/css" href="/static/bower_components/datatables.net-dt/css/jquery.dataTables.min.css">
    <!-- Bootstrap -->
    <link rel="stylesheet" type="text/css" href="/static/bower_components/dist/css/bootstrap.min.css">

    <!-- CUSTOM CSS
    Any change in the style should be done in this file.
    The easier way is to get a theme css file from http://bootswatch.com/
    but always remove the first line (@import line) since it won't work offline!!! -->
    <link rel="stylesheet" type="text/css" href="/static/customisation/ludostyle.css">

    <!-- CUSTOM Favicon
    –––––––––––––––––––––––––––––––––––––––––––––––––– -->
    <!-- To change the favicon change this file -->
    <link rel="icon" type="image/png" href="/static/customisation/images/favicon.png">

    <!-- All javascript files are loaded in the footer of the pages for performance reasons -->
</head>

<body>
<div class="container">
    <div class="page-header">
        <h1>Borgia, le jeu malsain</h1>
    </div>

    <dl class="dl-horizontal">
        <!-- TODO traduire les 3 types possibles -->
        <dt>Type</dt>
        <dd>game</dd>

        <dt>Genres</dt>
        <dd>
        
            <span class="label label-default">structure</span>
        
        </dd>

        <dt>Titre</dt>
        <dd>Borgia, le jeu malsain</dd>

        <dt>Description du jeu</dt>
        <dd>Ouais</dd>

        <dt>Thèmes</dt>
        <dd>
        
            <span class="label label-default">Médiéval</span>
        
            <span class="label label-default">Salopard</span>
        
        </dd>

        <dt>Éditeurs</dt>
        <dd></dd>

        <dt>Année de publication</dt>
        <dd></dd>

        <dt>Auteurs</dt>
        <dd>René</dd>

        <dt>Illustrateurs</dt>
        <dd>Jean-Claude</dd>

        <dt>Durée d'une partie</dt>
        <dd>60</dd>

        <dt>Nombre de joueurs</dt>
        <dd>de 4 à 4</dd>

        <!-- TODO traduire les 3 possibilités -->
        <dt>Public</dt>
        <dd>
        
            <span class="label label-default">adults</span>
        
        </dd>

        <dt>Temps de fabrication</dt>
        <dd>120</dd>

        <dt>Matériel nécessaire</dt>
        <dd>
        
            <span class="label label-default">imprimante</span>
        
        </dd>

        <dt>Licence</dt>
        <dd>CC 1.0</dd>

        <dt>Langues disponibles</dt>
        <dd>
        
            <span class="label label-default">fr</span>
        
        </dd>

        <dt>Site web d'origine</dt>
        <dd>
            <a href="http://leschiensdelenfer.org/editions-chiens-de-lenfer/borgia-le-jeu-malsain/">http://leschiensdelenfer.org/editions-chiens-de-lenfer/borgia-le-jeu-malsain/</a>
        </dd>

        <dt>ISBN</dt>
        <dd>[]</dd>

        <dt>Fichiers du jeu</dt>
        <dd></dd>
    </dl>

    <a class="btn btn-primary" href="download">Télécharger</a>
</div> <!-- /container -->
<!-- End Document
  –––––––––––––––––––––––––––––––––––––––––––––––––– -->

<!-- JavaScript (in the footer for performance reasons)
–––––––––––––––––––––––––––––––––––––––––––––––––– -->
<!-- JQuery -->
<script type="text/javascript" src="/static/bower_components/jquery/dist/jquery.min.js"></script>
<!-- DataTables JQuery Plugin -->
<script type="text/javascript" src="/static/bower_components/datatables.net/js/jquery.dataTables.min.js"></script>
<!-- CUSTOM JAVASCRIPT
Any change in the javascript should be done in this file -->
<script type="text/javascript" src="/static/customisation/ludodynamic.js"></script>

</body>
</html>