<!doctype html>
<html lang="fr">
<head>
    <!-- Bootstrap needs this as first elements
    –––––––––––––––––––––––––––––––––––––––––––––––––– -->
    <meta charset="utf-8">
    <meta http-equiv="X-UA-Compatible" content="IE=edge">
    <meta name="viewport" content="width=device-width, initial-scale=1">

    <!-- Basic Page Needs
    –––––––––––––––––––––––––––––––––––––––––––––––––– -->
    <title>Ludobox</title>
    <meta name="description" content="">
    <meta name="author" content="Clément Renaud, Pierre-Yves Martin">
    <meta name="copyright" content="DCALK">
    <meta name="generator" content="Jinja2">

    <!-- FONT
    –––––––––––––––––––––––––––––––––––––––––––––––––– -->
    <!-- Any change in the font used should be done in this file -->
    <link rel="stylesheet" href="/static/customisation/ludofonts.css">

    <!-- CSS
    –––––––––––––––––––––––––––––––––––––––––––––––––– -->
    <!-- DataTables JQuery plugin -->
    <link rel="stylesheet" type="text/css" href="/static/bower_components/datatables.net-dt/css/jquery.dataTables.min.css">
    <!-- Bootstrap -->
    <link rel="stylesheet" type="text/css" href="/static/bower_components/dist/css/bootstrap.min.css">

    <!-- CUSTOM CSS
    Any change in the style should be done in this file.
    The easier way is to get a theme css file from http://bootswatch.com/
    but always remove the first line (@import line) since it won't work offline!!! -->
    <link rel="stylesheet" type="text/css" href="/static/customisation/ludostyle.css">

    <!-- CUSTOM Favicon
    –––––––––––––––––––––––––––––––––––––––––––––––––– -->
    <!-- To change the favicon change this file -->
    <link rel="icon" type="image/png" href="/static/customisation/images/favicon.png">

    <!-- All javascript files are loaded in the footer of the pages for performance reasons -->
</head>

<body>
<div class="container">
    <div class="row">
        <div class="twelve columns">
            <h1>Liste des jeux</h1>
        </div>
    </div>
    <div class="row" id="games">
        <div class="twelve columns">
            <div class="row">
                <div class="three columns">
                    <a class="button button-primary" href="add/index.html">Add a new game</a>
                </div>
            </div>
            <div class="row">
                <div class="twelve columns">
                    <table id="gamestab" class="display">
                        <caption>Jeux disponibles au téléchargement</caption>
                        <thead>
                            <tr>
                                <td>Title</td>
                                <td>Link</td>
                                <td>Type</td>
                                <td>Themes</td>
                                <td>fab_time</td>
                                <td>players</td>
                                <td>languages</td>
                            </tr>
                        </thead>
                        <tbody class="list">
                            
                            <tr>
                                <td class="title">Borgia, le jeu malsain</td>
                                <td class="link"><a href="/static/games/borgia-le-jeu-malsain/index.html">Borgia, le jeu malsain</a></td>
                                <td class="type">structure</td>
                                <td class="themes">Médiéval, Salopard</td>
                                <td class="fab_time"> 2+ h </td>
                                <td class="players"> 4 </td>
                                <td class="languages"> Français </td>
                            </tr>
                            
                            <tr>
                                <td class="title">Coucou, le jeu sympa</td>
                                <td class="link"><a href="/static/games/coucou-le-jeu-sympa/index.html">Coucou, le jeu sympa</a></td>
                                <td class="type">board-game</td>
                                <td class="themes">Médiéval, Salopard</td>
                                <td class="fab_time"> 2+ h </td>
                                <td class="players"> 4 </td>
                                <td class="languages"> Français </td>
                            </tr>
                            
                            <tr>
                                <td class="title">Papa, le jeu coquin</td>
                                <td class="link"><a href="/static/games/papa-le-jeu-coquin/index.html">Papa, le jeu coquin</a></td>
                                <td class="type">video-game</td>
                                <td class="themes">Médiéval, Salopard</td>
                                <td class="fab_time"> 2+ h </td>
                                <td class="players"> 4 </td>
                                <td class="languages"> Français </td>
                            </tr>
                            
                        </tbody>
                    </table>
                </div>
            </div>
        </div>
    </div>
</div> <!-- /container -->
<!-- End Document
  –––––––––––––––––––––––––––––––––––––––––––––––––– -->

<!-- JavaScript (in the footer for performance reasons)
–––––––––––––––––––––––––––––––––––––––––––––––––– -->
<!-- JQuery -->
<script type="text/javascript" src="/static/bower_components/jquery/dist/jquery.min.js"></script>
<!-- DataTables JQuery Plugin -->
<script type="text/javascript" src="/static/bower_components/datatables.net/js/jquery.dataTables.min.js"></script>
<!-- CUSTOM JAVASCRIPT
Any change in the javascript should be done in this file -->
<script type="text/javascript" src="/static/customisation/ludodynamic.js"></script>

</body>
</html>