
<!doctype html>
<html lang="fr">
<head>
    <!-- Bootstrap needs this as first elements
    –––––––––––––––––––––––––––––––––––––––––––––––––– -->
    <meta charset="utf-8">
    <meta http-equiv="X-UA-Compatible" content="IE=edge">
    <meta name="viewport" content="width=device-width, initial-scale=1">

    <!-- Basic Page Needs
    –––––––––––––––––––––––––––––––––––––––––––––––––– -->
    <title>Ludobox</title>
    <meta name="description" content="">
    <meta name="author" content="Clément Renaud, Pierre-Yves Martin">
    <meta name="copyright" content="DCALK">
    <meta name="generator" content="Jinja2">

    <!-- FONT
    –––––––––––––––––––––––––––––––––––––––––––––––––– -->
    <!-- Any change in the font used should be done in this file -->
    <link rel="stylesheet" href="/static/customisation/ludofonts.css">

    <!-- CSS
    –––––––––––––––––––––––––––––––––––––––––––––––––– -->
    <!-- DataTables Bootstrap theming css to enable bootstrap theming -->
    <link rel="stylesheet" type="text/css" href="/static/bower_components/datatables/media/css/dataTables.bootstrap.min.css">
    <!-- Bootstrap -->
    <link rel="stylesheet" type="text/css" href="/static/bower_components/bootstrap/dist/css/bootstrap.min.css">

    <!-- CUSTOM THEME CSS
    Any change in the style should be done in this file.
    The easier way is to get a theme css file from http://bootswatch.com/
    but always remove the first line (@import line) since it won't work offline!!! -->
    <link rel="stylesheet" type="text/css" href="/static/customisation/theme-darkly.css">

    <!-- CUSTOM CSS
    Almost nothing to change here it's just correction to default behaviours of
    the themes.
    -->
    <link rel="stylesheet" type="text/css" href="/static/customisation/ludostyle.css">

    <!-- CUSTOM Favicon
    –––––––––––––––––––––––––––––––––––––––––––––––––– -->
    <!-- To change the favicon change this file -->
    <link rel="icon" type="image/png" href="/static/customisation/images/favicon.png">

    <!-- All javascript files are loaded in the footer of the pages for performance reasons -->
</head>

<body>
<div class="container">

<!-- Navigation bar -->
    <nav class="navbar navbar-default navbar-fixed-top">
        <div class="container">
            <div class="navbar-header">
                <!-- This button only appear on small devices as a replacement for the menu -->
                <button
                    type="button"
                    class="navbar-toggle collapsed"
                    data-toggle="collapse"
                    data-target="#bs-example-navbar-collapse-1"
                    aria-expanded="false">
                    <span class="sr-only">Toggle navigation</span>
                    <span class="icon-bar"></span>
                    <span class="icon-bar"></span>
                    <span class="icon-bar"></span>
                </button>
                <!-- This brand text only appear on big devices -->
                <a class="navbar-brand" href="#">
                    <!-- CUSTOMIZE the name of the app here -->
                    <strong>LudoBox</strong>
                </a>
            </div>

            <div class="collapse navbar-collapse" id="bs-example-navbar-collapse-1">
                <ul class="nav navbar-nav">
                    <li>
                        <a href="/static/index.html">Jeux<span class="sr-only">(current)</span></a>
                    </li>

                    <!-- TODO make a better usage of this since it points to games display -->
                    <li>
                        <a href="/static/index.html">Publications</a>
                    </li>

                    <!-- TODO make a better usage of this since it points to games display -->
                    <li>
                        <a href="/static/index.html">Matériels</a>
                    </li>

                    <li>
                        <a href="/static/add/index.html">Ajouter du contenu</a>
                    </li>

                    <li class="active">
                        <a href="/static/about.html">À propos</a>
                    </li>
                </ul>

                <!-- THINK TO CHANGE VERSION WHEN OUT OF THE ALPHA !! -->
                <p class="navbar-text navbar-right"><small>Lodobox V3.0alpha</small></p>
            </div>
        </div>
    </nav>
    <div class="page-header">
        <h1>À propos de la Ludobox</h1>
    </div>

    <h2>À propos de la Ludobox 1.0</h2>

    <p>
        Inspirée par les intiatives de réseaux offline tels que la <strong>Piratebox</strong> ou la <strong>LibraryBox</strong> qui utilisent des logiciels libres pour créer des réseaux sans fil et anonymes de partage de fichiers, l'association <strong>Dcalk</strong> a souhaité lancer une nouvelle déclinaison sous le nom de <strong>Ludobox</strong> afin de faire émerger un réseau de <strong>ludothèques numériques</strong> pour une nouvelle cartographie et pratique sociale du jeu.
    </p>

    <p>
        À l'instar du livre et de la musique, le jeu de société est entré dans l'ère de la reproductibilité et de la diffusion en réseau. Des créateurs de plus en plus nombreux choisissent de publier leurs jeux sous licence libre au format <strong>Print-and-Play</strong> et créent des <strong>prototypes</strong> ou des pions de remplacement à l'aide de l'<strong>impression 3D</strong> et autres pratiques d'<strong>artisanat numérique</strong>. La Ludobox souhaite ainsi croiser les pratiques ludiques avec les outils, méthodologies et valeurs propres à la <strong>culture libre</strong> (licence, copie, partage, réseau) pour explorer et accompagner ces nouveaux processus de création, d'édition, de diffusion et de médiation dans le domaine du jeu de société.
    </p>

    <h2>Merci</h2>

    <p>
        Ce projet fou de ludothèque numérique n'aurait jamais vu le jour sans l'inspiration d'initiatives existantes (Piratebox depuis 2011, Librarybox en 2012), la bourse <abbr title="Recherche et Développement" class="initialism">R&amp;D</abbr> de la Fondation Européenne de la Culture (lauréat 2015) et bien sûr la curiosité, la confiance et l'engouement de partenaires et des afficionados du jeu et de la geekerie.
    </p>

    <h2>Vie Privée</h2>

    <p>
        La Ludobox est un réseau sécurisé. Aucun login ne vous sera demandé et aucunes données concernant les usagers ne sont enregistrées . Ce dispositif n'est pas connecté à internet pour vous préserver du tracking et protéger vos données.
    </p>
</div> <!-- /container -->
<!-- End Document
  –––––––––––––––––––––––––––––––––––––––––––––––––– -->

<!-- JavaScript (in the footer for performance reasons)
–––––––––––––––––––––––––––––––––––––––––––––––––– -->
<!-- JQuery -->
<script type="text/javascript" src="/static/bower_components/jquery/dist/jquery.min.js"></script>
<!-- DataTables JQuery Plugin -->
<script type="text/javascript" src="/static/bower_components/datatables/media/js/jquery.dataTables.min.js"></script>
<!-- Datatables Bootstrap theming integration -->
<script type="text/javascript" src="/static/bower_components/datatables/media/js/dataTables.bootstrap.min.js"></script>
<!-- CUSTOM JAVASCRIPT
Any change in the javascript should be done in this file -->
<script type="text/javascript" src="/static/customisation/ludodynamic.js"></script>

</body>
</html>