
<!doctype html>
<html lang="fr">
<head>
    <!--
    Copyright (C) 2016  Pierre-Yves Martin for DCALK

    This program is free software: you can redistribute it and/or modify
    it under the terms of the GNU Affero General Public License as published
    by the Free Software Foundation, either version 3 of the License, or
    (at your option) any later version.

    This program is distributed in the hope that it will be useful,
    but WITHOUT ANY WARRANTY; without even the implied warranty of
    MERCHANTABILITY or FITNESS FOR A PARTICULAR PURPOSE.  See the
    GNU Affero General Public License for more details.

    You should have received a copy of the GNU Affero General Public License
    along with this program.  If not, see <http://www.gnu.org/licenses/>.
    -->

    <!-- Bootstrap needs this as first elements
    –––––––––––––––––––––––––––––––––––––––––––––––––– -->
    <meta charset="utf-8">
    <meta http-equiv="X-UA-Compatible" content="IE=edge">
    <meta name="viewport" content="width=device-width, initial-scale=1">

    <!-- Basic Page Needs
    –––––––––––––––––––––––––––––––––––––––––––––––––– -->
    <title>Ludobox</title>
    <meta name="description" content="">
    <meta name="author" content="Clément Renaud, Pierre-Yves Martin">
    <meta name="copyright" content="DCALK">
    <meta name="generator" content="Jinja2">

    <!-- FONT
    –––––––––––––––––––––––––––––––––––––––––––––––––– -->
    <!-- Any change in the font used should be done in this file -->
    <link rel="stylesheet" href="/static/customisation/ludofonts.css">

    <!-- CSS
    –––––––––––––––––––––––––––––––––––––––––––––––––– -->
    <!-- DataTables Bootstrap theming css to enable bootstrap theming -->
    <link rel="stylesheet" type="text/css" href="/static/bower_components/datatables/media/css/dataTables.bootstrap.min.css">
    <!-- Bootstrap -->
    <link rel="stylesheet" type="text/css" href="/static/bower_components/bootstrap/dist/css/bootstrap.min.css">

    <!-- CUSTOM THEME CSS
    Any change in the style should be done in this file.
    The easier way is to get a theme css file from http://bootswatch.com/
    but always remove the first line (@import line) since it won't work offline!!! -->
    <link rel="stylesheet" type="text/css" href="/static/customisation/theme-darkly.css">

    <!-- CUSTOM CSS
    Almost nothing to change here it's just correction to default behaviours of
    the themes.
    -->
    <link rel="stylesheet" type="text/css" href="/static/customisation/ludostyle.css">

    <!-- CUSTOM Favicon
    –––––––––––––––––––––––––––––––––––––––––––––––––– -->
    <!-- To change the favicon change this file -->
    <link rel="icon" type="image/png" href="/static/customisation/images/favicon.png">

    <!-- All javascript files are loaded in the footer of the pages for performance reasons -->
</head>

<body>
<div class="container">

<!-- Navigation bar -->
    <nav class="navbar navbar-default navbar-fixed-top">
        <div class="container">
            <div class="navbar-header">
                <!-- This button only appear on small devices as a replacement for the menu -->
                <button
                    type="button"
                    class="navbar-toggle collapsed"
                    data-toggle="collapse"
                    data-target="#bs-example-navbar-collapse-1"
                    aria-expanded="false">
                    <span class="sr-only">Toggle navigation</span>
                    <span class="icon-bar"></span>
                    <span class="icon-bar"></span>
                    <span class="icon-bar"></span>
                </button>
                <!-- This brand text only appear on big devices -->
                <a class="navbar-brand" href="#">
                    <!-- CUSTOMIZE the name of the app here -->
                    <strong>LudoBox</strong>
                </a>
            </div>

            <div class="collapse navbar-collapse" id="bs-example-navbar-collapse-1">
                <ul class="nav navbar-nav">
                    <li class="active">
                        <a href="/static/index.html">Jeux<span class="sr-only">(current)</span></a>
                    </li>

                    <!-- TODO make a better usage of this since it points to games display -->
                    <li>
                        <a href="/static/index.html">Publications</a>
                    </li>

                    <!-- TODO make a better usage of this since it points to games display -->
                    <li>
                        <a href="/static/index.html">Matériels</a>
                    </li>

                    <li>
                        <a href="/static/add/index.html">Ajouter du contenu</a>
                    </li>

                    <li>
                        <a href="/static/about.html">À propos</a>
                    </li>
                </ul>

                <!-- THINK TO CHANGE VERSION WHEN OUT OF THE ALPHA !! -->
                <p class="navbar-text navbar-right"><small>Lodobox V2.0alpha</small></p>
            </div>
        </div>
    </nav>
    <div class="page-header">
        <h1>Liste des jeux</h1>
    </div>

    <table id="gamestab" class="display" cellspacing="0" width="100%">
        <caption>Jeux disponibles au téléchargement</caption>
        <thead>
            <tr>
                <td>Titre</td>
                <td>Lien</td>
                <td>Type</td>
                <td>Thèmes</td>
                <td>Temps de fabrication</td>
                <td>Nombre de joueurs</td>
                <td>Langues disponibles</td>
            </tr>
        </thead>
        <tbody class="list">
            
            <tr>
                <td class="title">Borgia, le jeu malsain</td>
                <td class="link"><a href="/static/games/borgia-le-jeu-malsain/index.html">Borgia, le jeu malsain</a></td>
                <td class="type">game</td>
                <td class="themes">Médiéval, Salopard</td>
                <td class="fab_time"> 120 </td>
                <td class="players">  </td>
                <td class="languages"> fr </td>
            </tr>
            
            <tr>
                <td class="title">Coucou, le jeu sympa</td>
                <td class="link"><a href="/static/games/coucou-le-jeu-sympa/index.html">Coucou, le jeu sympa</a></td>
                <td class="type">game</td>
                <td class="themes">Médiéval, Salopard</td>
                <td class="fab_time"> 120 </td>
                <td class="players">  </td>
                <td class="languages"> fr </td>
            </tr>
            
            <tr>
                <td class="title">Papa, le jeu coquin</td>
                <td class="link"><a href="/static/games/papa-le-jeu-coquin/index.html">Papa, le jeu coquin</a></td>
                <td class="type">game</td>
                <td class="themes">Médiéval, Salopard</td>
                <td class="fab_time"> 120 </td>
                <td class="players">  </td>
                <td class="languages"> fr </td>
            </tr>
            
        </tbody>
    </table>
</div> <!-- /container -->
<!-- End Document
  –––––––––––––––––––––––––––––––––––––––––––––––––– -->

<!-- JavaScript (in the footer for performance reasons)
–––––––––––––––––––––––––––––––––––––––––––––––––– -->
<!-- JQuery -->
<script type="text/javascript" src="/static/bower_components/jquery/dist/jquery.min.js"></script>
<!-- DataTables JQuery Plugin -->
<script type="text/javascript" src="/static/bower_components/datatables/media/js/jquery.dataTables.min.js"></script>
<!-- Datatables Bootstrap theming integration -->
<script type="text/javascript" src="/static/bower_components/datatables/media/js/dataTables.bootstrap.min.js"></script>
<!-- CUSTOM JAVASCRIPT
Any change in the javascript should be done in this file -->
<script type="text/javascript" src="/static/customisation/ludodynamic.js"></script>

</body>
</html>