<!doctype html>
<html lang="fr">
<head>
    <!-- Bootstrap needs this as first elements
    –––––––––––––––––––––––––––––––––––––––––––––––––– -->
    <meta charset="utf-8">
    <meta http-equiv="X-UA-Compatible" content="IE=edge">
    <meta name="viewport" content="width=device-width, initial-scale=1">

    <!-- Basic Page Needs
    –––––––––––––––––––––––––––––––––––––––––––––––––– -->
    <title>Ludobox</title>
    <meta name="description" content="">
    <meta name="author" content="Clément Renaud, Pierre-Yves Martin">
    <meta name="copyright" content="DCALK">
    <meta name="generator" content="Jinja2">

    <!-- FONT
    –––––––––––––––––––––––––––––––––––––––––––––––––– -->
    <!-- Any change in the font used should be done in this file -->
    <link rel="stylesheet" href="/static/customisation/ludofonts.css">

    <!-- CSS
    –––––––––––––––––––––––––––––––––––––––––––––––––– -->
    <!-- DataTables JQuery plugin -->
    <link rel="stylesheet" type="text/css" href="/static/bower_components/datatables.net-dt/css/jquery.dataTables.min.css">
    <!-- Bootstrap -->
    <link rel="stylesheet" type="text/css" href="/static/bower_components/dist/css/bootstrap.min.css">

    <!-- CUSTOM CSS
    Any change in the style should be done in this file.
    The easier way is to get a theme css file from http://bootswatch.com/
    but always remove the first line (@import line) since it won't work offline!!! -->
    <link rel="stylesheet" type="text/css" href="/static/customisation/ludostyle.css">

    <!-- CUSTOM Favicon
    –––––––––––––––––––––––––––––––––––––––––––––––––– -->
    <!-- To change the favicon change this file -->
    <link rel="icon" type="image/png" href="/static/customisation/images/favicon.png">

    <!-- All javascript files are loaded in the footer of the pages for performance reasons -->
</head>

<body>
<div class="container">
    <div class="page-header">
        <h1>Borgia, le jeu malsain</h1>
    </div>

    <dl class="dl-horizontal">
        <dt>timestamp</dt><dd>10/10/2015 14:52:35</dd>
        <dt>title</dt><dd>Borgia, le jeu malsain</dd>
        <dt>description</dt><dd>Ouais</dd>
        <dt>fab_time</dt><dd>2+ h</dd>
        <dt>requirements</dt><dd>IMPRIMANTE</dd>
        <dt>players</dt><dd>4</dd>
        <dt>duration</dt><dd>60+</dd>
        <dt>audience</dt><dd>Adultes</dd>
        <dt>authours</dt><dd></dd>
        <dt>illustrators</dt><dd>Jean-Claude</dd>
        <dt>source</dt><dd>Le vin</dd>
        <dt>license</dt><dd>CC 1.0</dd>
        <dt>languages</dt><dd>Français</dd>
        <dt>themes</dt><dd>Médiéval, Salopard</dd>
        <dt>type</dt><dd>structure</dd>
    </dl>

    <a class="btn btn-primary" href="download">Télécharger</a>
</div> <!-- /container -->
<!-- End Document
  –––––––––––––––––––––––––––––––––––––––––––––––––– -->

<!-- JavaScript (in the footer for performance reasons)
–––––––––––––––––––––––––––––––––––––––––––––––––– -->
<!-- JQuery -->
<script type="text/javascript" src="/static/bower_components/jquery/dist/jquery.min.js"></script>
<!-- DataTables JQuery Plugin -->
<script type="text/javascript" src="/static/bower_components/datatables.net/js/jquery.dataTables.min.js"></script>
<!-- CUSTOM JAVASCRIPT
Any change in the javascript should be done in this file -->
<script type="text/javascript" src="/static/customisation/ludodynamic.js"></script>

</body>
</html>