<!doctype html>
<html lang="fr">
<head>
    <!-- Basic Page Needs
    –––––––––––––––––––––––––––––––––––––––––––––––––– -->
    <meta charset="utf-8">
    <title>Ludobox</title>
    <meta name="description" content="">
    <meta name="author" content="Clément Renaud, Pierre-Yves Martin">
    <meta name="copyright" content="DCALK">
    <meta name="generator" content="Jinja2">

    <!-- Mobile Specific Metas
    –––––––––––––––––––––––––––––––––––––––––––––––––– -->
    <meta name="viewport" content="width=device-width, initial-scale=1">

    <!-- FONT
    –––––––––––––––––––––––––––––––––––––––––––––––––– -->
    <!-- Any change in the font used should be done in this file -->
    <link rel="stylesheet" href="/static/customisation/ludofonts.css">

    <!-- CSS
    –––––––––––––––––––––––––––––––––––––––––––––––––– -->
    <link rel="stylesheet" type="text/css" href="/static/bower_components/skeleton/css/normalize.css">
    <link rel="stylesheet" type="text/css" href="/static/bower_components/skeleton/css/skeleton.css">
    <link rel="stylesheet" type="text/css" href="/static/bower_components/datatables.net-dt/css/jquery.dataTables.min.css">
    <!-- Any change in the style should be done in this file -->
    <link rel="stylesheet" type="text/css" href="/static/customisation/ludostyle.css">

    <!-- Favicon
    –––––––––––––––––––––––––––––––––––––––––––––––––– -->
    <!-- To change the favicon change this file -->
    <link rel="icon" type="image/png" href="/static/customisation/images/favicon.png">

    <!-- All javascript files are loaded in the footer of the pages for performance reasons -->
</head>

<body>
<div class="container">
    <div class="row">
        <h1>Papa, le jeu coquin</h1>
        <div class="four column">
            <ul>
                <li>timestamp : 10/10/2015 14:52:35</li>
                <li>title : Papa, le jeu coquin</li>
                <li>description : You should use Skeleton if you're embarking on a smaller project or just don't feel like you need all the utility of larger frameworks. Skeleton only styles a handful of standard HTML elements and includes a grid, but that's often more than enough to get started. In fact, this site is built on Skeleton and has ~200 lines of custom CSS (half of which is the docking navigation).</li>
                <li>fab_time : 2+ h</li>
                <li>requirements : IMPRIMANTE</li>
                <li>players : 4</li>
                <li>duration : 60+</li>
                <li>audience : Adultes</li>
                <li>authours : </li>
                <li>illustrators : Jean-Claude</li>
                <li>source : Le vin</li>
                <li>license : CC 1.0</li>
                <li>languages : Français</li>
                <li>themes : Médiéval, Salopard</li>
                <li>type : video-game</li>
            </ul>
        </div>
        <div class="height columns">
            <a class="button button-primary" href="download">Download</a>
        </div>
    </div>
</div>
<!-- End Document
  –––––––––––––––––––––––––––––––––––––––––––––––––– -->

<!-- JavaScript (in the footer for performance reasons)
–––––––––––––––––––––––––––––––––––––––––––––––––– -->
<script type="text/javascript" src="/static/bower_components/jquery/dist/jquery.min.js"></script>
<script type="text/javascript" src="/static/bower_components/datatables.net/js/jquery.dataTables.min.js"></script>
<!-- Any change in the javascript should be done in this file -->
<script type="text/javascript" src="/static/customisation/ludodynamic.js"></script>

</body>
</html>