<!doctype html>
<html lang="fr">
<head>
    <!-- Basic Page Needs
    –––––––––––––––––––––––––––––––––––––––––––––––––– -->
    <meta charset="utf-8">
    <title>Ludobox</title>
    <meta name="description" content="">
    <meta name="author" content="Clément Renaud, Pierre-Yves Martin">
    <meta name="copyright" content="DCALK">
    <meta name="generator" content="Jinja2">

    <!-- Mobile Specific Metas
    –––––––––––––––––––––––––––––––––––––––––––––––––– -->
    <meta name="viewport" content="width=device-width, initial-scale=1">

    <!-- FONT
    –––––––––––––––––––––––––––––––––––––––––––––––––– -->
    <!-- Any change in the font used should be done in this file -->
    <link rel="stylesheet" href="/static/customisation/ludofonts.css">

    <!-- CSS
    –––––––––––––––––––––––––––––––––––––––––––––––––– -->
    <link rel="stylesheet" type="text/css" href="/static/bower_components/skeleton/css/normalize.css">
    <link rel="stylesheet" type="text/css" href="/static/bower_components/skeleton/css/skeleton.css">
    <link rel="stylesheet" type="text/css" href="/static/bower_components/datatables.net-dt/css/jquery.dataTables.min.css">
    <!-- Any change in the style should be done in this file -->
    <link rel="stylesheet" type="text/css" href="/static/customisation/ludostyle.css">

    <!-- Favicon
    –––––––––––––––––––––––––––––––––––––––––––––––––– -->
    <!-- To change the favicon change this file -->
    <link rel="icon" type="image/png" href="/static/customisation/images/favicon.png">

    <!-- JavaScript
    –––––––––––––––––––––––––––––––––––––––––––––––––– -->
    <script type="text/javascript" src="/static/bower_components/jquery/dist/jquery.min.js"></script>
    <script type="text/javascript" src="/static/bower_components/datatables.net/js/jquery.dataTables.min.js"></script>
    <!-- Any change in the javascript should be done in this file -->
    <script type="text/javascript" src="/static/customisation/ludodynamic.js"></script>
</head>

<body>
<div class="container">
    <div class="row">
        <div class="twelve columns">
            <h1>Add new game</h1>
        </div>
    </div>
    <div class="row">

        <form>
            <div class="row">
                <div class="six columns">
                    <label for="exampleEmailInput">Your email</label>
                    <input class="u-full-width" type="email" placeholder="test@mailbox.com" id="exampleEmailInput">
                </div>
                <div class="six columns">
                    <label for="exampleRecipientInput">Reason for contacting</label>
                    <select class="u-full-width" id="exampleRecipientInput">
                        <option value="Option 1">Questions</option>
                        <option value="Option 2">Admiration</option>
                        <option value="Option 3">Can I get your number?</option>
                    </select>
                </div>
            </div>
            <label for="exampleMessage">Message</label>
            <textarea class="u-full-width" placeholder="Hi Dave …" id="exampleMessage"></textarea>
            <label class="example-send-yourself-copy">
                <input type="checkbox">
                <span class="label-body">Send a copy to yourself</span>
            </label>
            <input class="button-primary" type="submit" value="Submit">
        </form>

    </div>
</div>
<!-- End Document
  –––––––––––––––––––––––––––––––––––––––––––––––––– -->
</body>
</html>