<!doctype html>
<html lang="fr">
<head>
    <!-- Basic Page Needs
    –––––––––––––––––––––––––––––––––––––––––––––––––– -->
    <meta charset="utf-8">
    <title>Ludobox</title>
    <meta name="description" content="">
    <meta name="author" content="Clément Renaud, Pierre-Yves Martin">
    <meta name="copyright" content="DCALK">
    <meta name="generator" content="Jinja2">

    <!-- Mobile Specific Metas
    –––––––––––––––––––––––––––––––––––––––––––––––––– -->
    <meta name="viewport" content="width=device-width, initial-scale=1">

    <!-- FONT
    –––––––––––––––––––––––––––––––––––––––––––––––––– -->
    <!-- Any change in the font used should be done in this file -->
    <link rel="stylesheet" href="/static/customisation/ludofonts.css">

    <!-- CSS
    –––––––––––––––––––––––––––––––––––––––––––––––––– -->
    <link rel="stylesheet" type="text/css" href="/static/bower_components/skeleton/css/normalize.css">
    <link rel="stylesheet" type="text/css" href="/static/bower_components/skeleton/css/skeleton.css">
    <link rel="stylesheet" type="text/css" href="/static/bower_components/datatables.net-dt/css/jquery.dataTables.min.css">
    <!-- Any change in the style should be done in this file -->
    <link rel="stylesheet" type="text/css" href="/static/customisation/ludostyle.css">

    <!-- Favicon
    –––––––––––––––––––––––––––––––––––––––––––––––––– -->
    <!-- To change the favicon change this file -->
    <link rel="icon" type="image/png" href="/static/customisation/images/favicon.png">

    <!-- All javascript files are loaded in the footer of the pages for performance reasons -->
</head>

<body>
<div class="container">
    <div class="row">
        <div class="twelve columns">
            <h1>Liste des jeux</h1>
        </div>
    </div>
    <div class="row" id="games">
        <div class="twelve columns">
            <div class="row">
                <div class="three columns">
                    <a class="button button-primary" href="/games/add">Add a new game</a>
                </div>
            </div>
            <div class="row">
                <div class="twelve columns">
                    <table id="gamestab" class="display">
                        <caption>Jeux disponibles au téléchargement</caption>
                        <thead>
                            <tr>
                                <td>Title</td>
                                <td>Link</td>
                                <td>Type</td>
                                <td>Themes</td>
                                <td>fab_time</td>
                                <td>players</td>
                                <td>languages</td>
                            </tr>
                        </thead>
                        <tbody class="list">
                            
                        </tbody>
                    </table>
                </div>
            </div>
        </div>
    </div>
</div>
<!-- End Document
  –––––––––––––––––––––––––––––––––––––––––––––––––– -->

<!-- JavaScript (in the footer for performance reasons)
–––––––––––––––––––––––––––––––––––––––––––––––––– -->
<script type="text/javascript" src="/static/bower_components/jquery/dist/jquery.min.js"></script>
<script type="text/javascript" src="/static/bower_components/datatables.net/js/jquery.dataTables.min.js"></script>
<!-- Any change in the javascript should be done in this file -->
<script type="text/javascript" src="/static/customisation/ludodynamic.js"></script>

</body>
</html>